
> petzonee-petcare@0.1.0 build
> next build

node.exe :  ΓÜá 
Warning: Found 
multiple lockfiles. 
Selecting 
C:\Users\Subhradeep N
ath\package-lock.json
.
At C:\Program Files\n
odejs\npm.ps1:29 
char:3
+   & $NODE_EXE 
$NPM_CLI_JS $args
+   ~~~~~~~~~~~~~~~~~
~~~~~~~~~~~~
    + CategoryInfo   
           : NotSpe  
  cified: ( ΓÜá Wa   
 rning: F...kage-    
lock.json.:Strin    
g) [], RemoteExc    
eption
    + FullyQualified 
   ErrorId : Native  
  CommandError
 
   Consider removing 
the lockfiles at:
   * 
C:\Users\Subhradeep N
ath\OneDrive\Desktop\
New folder (6)\PETZON
EE\package-lock.json

   Γû▓ Next.js 15.4.8

   Creating an optimized production build ...
 Γ£ô Compiled successfully in 5.0s
   Skipping validation of types
   Skipping linting
   Collecting page data ...
(node:8384) 
[DEP0040] 
DeprecationWarning: 
The `punycode` 
module is 
deprecated. Please 
use a userland 
alternative instead.
(Use `node 
--trace-deprecation 
...` to show where 
the warning was 
created)
   Generating static pages (0/21) ...
(node:2988) 
[DEP0040] 
DeprecationWarning: 
The `punycode` 
module is 
deprecated. Please 
use a userland 
alternative instead.
(Use `node 
--trace-deprecation 
...` to show where 
the warning was 
created)
 Γ¿» 
useSearchParams() 
should be wrapped in 
a suspense boundary 
at page "/feed". 
Read more: https://ne
xtjs.org/docs/message
s/missing-suspense-wi
th-csr-bailout
    at g 
(C:\Users\Subhradeep 
Nath\OneDrive\Desktop
\New folder (6)\PETZO
NEE\.next\server\chun
ks\15.js:3:15088)
    at l 
(C:\Users\Subhradeep 
Nath\OneDrive\Desktop
\New folder (6)\PETZO
NEE\.next\server\chun
ks\15.js:27:141782)
    at m 
(C:\Users\Subhradeep 
Nath\OneDrive\Desktop
\New folder (6)\PETZO
NEE\.next\server\app\
feed\page.js:2:11346)
    at n4 
(C:\Users\Subhradeep 
Nath\OneDrive\Desktop
\New folder (6)\PETZO
NEE\node_modules\next
\dist\compiled\next-s
erver\app-page.runtim
e.prod.js:2:81697)
    at n8 
(C:\Users\Subhradeep 
Nath\OneDrive\Desktop
\New folder (6)\PETZO
NEE\node_modules\next
\dist\compiled\next-s
erver\app-page.runtim
e.prod.js:2:83467)
    at n9 
(C:\Users\Subhradeep 
Nath\OneDrive\Desktop
\New folder (6)\PETZO
NEE\node_modules\next
\dist\compiled\next-s
erver\app-page.runtim
e.prod.js:2:103676)
    at n5 
(C:\Users\Subhradeep 
Nath\OneDrive\Desktop
\New folder (6)\PETZO
NEE\node_modules\next
\dist\compiled\next-s
erver\app-page.runtim
e.prod.js:2:101094)
    at n3 
(C:\Users\Subhradeep 
Nath\OneDrive\Desktop
\New folder (6)\PETZO
NEE\node_modules\next
\dist\compiled\next-s
erver\app-page.runtim
e.prod.js:2:82049)
    at n8 
(C:\Users\Subhradeep 
Nath\OneDrive\Desktop
\New folder (6)\PETZO
NEE\node_modules\next
\dist\compiled\next-s
erver\app-page.runtim
e.prod.js:2:83513)
    at n8 
(C:\Users\Subhradeep 
Nath\OneDrive\Desktop
\New folder (6)\PETZO
NEE\node_modules\next
\dist\compiled\next-s
erver\app-page.runtim
e.prod.js:2:100435)
Error occurred 
prerendering page 
"/feed". Read more: h
ttps://nextjs.org/doc
s/messages/prerender-
error
Export encountered 
an error on 
/feed/page: /feed, 
exiting the build.
 Γ¿» Next.js build 
worker exited with 
code: 1 and signal: 
null
