
> petzonee-petcare@0.1.0 build
> next build

node.exe :  ΓÜá 
Warning: Found 
multiple lockfiles. 
Selecting 
C:\Users\Subhradeep Na
th\package-lock.json.
At C:\Program Files\no
dejs\npm.ps1:29 char:3
+   & $NODE_EXE 
$NPM_CLI_JS $args
+   ~~~~~~~~~~~~~~~~~~
~~~~~~~~~~~
    + CategoryInfo    
          : 
NotSpecified: (     
ΓÜá Warning: F...kage 
   
-lock.json.:String) [ 
   ], RemoteException
    + 
FullyQualifiedError   
 Id : 
NativeCommandErr    or
 
   Consider removing 
the lockfiles at:
   * 
C:\Users\Subhradeep Na
th\OneDrive\Desktop\Ne
w folder (6)\PETZONEE\
package-lock.json

   Γû▓ Next.js 15.4.8

   Creating an optimized production build ...
 Γ£ô Compiled successfully in 14.0s
   Skipping validation of types
   Skipping linting
   Collecting page data ...
(node:18756) 
[DEP0040] 
DeprecationWarning: 
The `punycode` module 
is deprecated. Please 
use a userland 
alternative instead.
(Use `node 
--trace-deprecation 
...` to show where 
the warning was 
created)
   Generating static pages (0/30) ...
(node:13752) 
[DEP0040] 
DeprecationWarning: 
The `punycode` module 
is deprecated. Please 
use a userland 
alternative instead.
(Use `node 
--trace-deprecation 
...` to show where 
the warning was 
created)
(node:4296) [DEP0040] 
DeprecationWarning: 
The `punycode` module 
is deprecated. Please 
use a userland 
alternative instead.
(Use `node 
--trace-deprecation 
...` to show where 
the warning was 
created)
   Generating static pages (7/30) 
   Generating static pages (14/30) 
   Generating static pages (22/30) 
 Γ£ô Generating static pages (30/30)
   Finalizing page optimization ...
   Collecting build traces ...

Route (app)                                 Size  First Load JS
Γöî Γùï /                                    37.4 kB         290 kB
Γö£ Γùï /_not-found                            128 B         101 kB
Γö£ Γùï /admin                               6.96 kB         267 kB
Γö£ Γùï /admin/inventory                     9.03 kB         204 kB
Γö£ Γùï /admin/kyc                           7.93 kB         203 kB
Γö£ Γùï /admin/messages                      9.12 kB         195 kB
Γö£ Γùï /admin/orders                         7.8 kB         203 kB
Γö£ Γùï /admin/payments                      6.47 kB         200 kB
Γö£ Γùï /admin/subscriptions                  114 kB         317 kB
Γö£ Γùï /admin/users                         8.46 kB         204 kB
Γö£ Γùï /admin/vets                           8.4 kB         204 kB
Γö£ Γùï /appointments/new                    10.1 kB         205 kB
Γö£ Γùï /cart                                6.57 kB         189 kB
Γö£ Γùï /checkout                            7.73 kB         193 kB
Γö£ Γùï /checkout/processing                 1.85 kB         143 kB
Γö£ Γùï /checkout/success                    7.85 kB         151 kB
Γö£ Γùï /contactUs                           29.5 kB         216 kB
Γö£ Γùï /dashboard                           30.5 kB         312 kB
Γö£ Γùï /delete                              6.45 kB         184 kB
Γö£ Γùï /feed                                12.2 kB         170 kB
Γö£ Γùï /kyc-pending                         2.89 kB         143 kB
Γö£ Γùï /map                                 4.65 kB         154 kB
Γö£ ╞Æ /pets/[id]                           8.48 kB         204 kB
Γö£ ╞Æ /pets/[id]/edit                      3.33 kB         199 kB
Γö£ Γùï /pets/new                            4.38 kB         197 kB
Γö£ Γùï /products                            6.76 kB         190 kB
Γö£ ╞Æ /products/[id]                       5.96 kB         201 kB
Γö£ Γùï /reset-password                      2.85 kB         190 kB
Γö£ Γùï /signup                              6.89 kB         194 kB
Γöö Γùï /vet                                 7.07 kB         194 kB
+ First Load JS shared by all             101 kB
  Γö£ chunks/4bd1b696-cc729d47eba2cee4.js  54.1 kB
  Γö£ chunks/5964-909c2aa918bcc589.js      43.9 kB
  Γöö other shared chunks (total)          2.64 kB


Γùï  (Static)   prerendered as static content
╞Æ  (Dynamic)  server-rendered on demand

