.next/types/app/products/[id]/page.ts(34,29): error TS2344: Type 'Props' does not satisfy the constraint 'PageProps'.
  Types of property 'params' are incompatible.
    Type '{ id: string; }' is missing the following properties from type 'Promise<any>': then, catch, finally, [Symbol.toStringTag]
src/components/portal/VetDashboard.tsx(53,26): error TS2352: Conversion of type '{ id: any; created_at: any; status: any; users: { first_name: any; email: any; avatar_url: any; }[]; }[]' to type 'AppointmentRow[]' may be a mistake because neither type sufficiently overlaps with the other. If this was intentional, convert the expression to 'unknown' first.
  Type '{ id: any; created_at: any; status: any; users: { first_name: any; email: any; avatar_url: any; }[]; }' is not comparable to type 'AppointmentRow'.
    Types of property 'users' are incompatible.
      Type '{ first_name: any; email: any; avatar_url: any; }[]' is missing the following properties from type 'PatientUser': first_name, email, avatar_url
